
Memory Configuration

Name             Origin             Length             Attributes
FLASH            0x08000000         0x00080000         xr
SRAM             0x20000000         0x00020000         xrw
*default*        0x00000000         0xffffffff

Linker script and memory map

LOAD main.o
LOAD startup.o
LOAD RCC_Prog.o
LOAD SysTick_Prog.o
LOAD GPIO_Prog.o

.text           0x08000000      0xec0
 *(.isr_vector)
 .isr_vector    0x08000000      0x1c4 startup.o
                0x08000000                Vectors
 *(.text)
 .text          0x080001c4       0x40 main.o
                0x080001c4                main
 .text          0x08000204       0x84 startup.o
                0x08000204                RTC_Alarm_IRQHandler
                0x08000204                EXTI2_IRQHandler
                0x08000204                TIM8_CC_IRQHandler
                0x08000204                DebugMon_Handler
                0x08000204                FMPI2C1_EV_IRQHandler
                0x08000204                SPI4_IRQHandler
                0x08000204                TIM1_CC_IRQHandler
                0x08000204                DMA2_Stream5_IRQHandler
                0x08000204                HardFault_Handler
                0x08000204                DMA1_Stream5_IRQHandler
                0x08000204                PVD_IRQHandler
                0x08000204                SDIO_IRQHandler
                0x08000204                TAMP_STAMP_IRQHandler
                0x08000204                PendSV_Handler
                0x08000204                NMI_Handler
                0x08000204                CAN2_RX1_IRQHandler
                0x08000204                EXTI3_IRQHandler
                0x08000204                TIM1_UP_TIM10_IRQHandler
                0x08000204                TIM8_UP_TIM13_IRQHandler
                0x08000204                I2C3_ER_IRQHandler
                0x08000204                EXTI0_IRQHandler
                0x08000204                I2C2_EV_IRQHandler
                0x08000204                DMA1_Stream2_IRQHandler
                0x08000204                CAN1_RX0_IRQHandler
                0x08000204                FPU_IRQHandler
                0x08000204                OTG_HS_WKUP_IRQHandler
                0x08000204                UsageFault_Handler
                0x08000204                CAN2_SCE_IRQHandler
                0x08000204                DMA2_Stream2_IRQHandler
                0x08000204                SPI1_IRQHandler
                0x08000204                TIM6_DAC_IRQHandler
                0x08000204                TIM1_BRK_TIM9_IRQHandler
                0x08000204                DCMI_IRQHandler
                0x08000204                CAN2_RX0_IRQHandler
                0x08000204                DMA2_Stream3_IRQHandler
                0x08000204                SAI2_IRQHandler
                0x08000204                USART6_IRQHandler
                0x08000204                TIM1_TRG_COM_TIM11_IRQHandl
                0x08000204                USART3_IRQHandler
                0x08000204                SAI1_IRQHandler
                0x08000204                TIM8_TRG_COM_TIM14_IRQHandl
                0x08000204                CAN1_RX1_IRQHandler
                0x08000204                UART5_IRQHandler
                0x08000204                DMA2_Stream0_IRQHandler
                0x08000204                TIM4_IRQHandler
                0x08000204                QUADSPI_IRQHandler
                0x08000204                I2C1_EV_IRQHandler
                0x08000204                DMA1_Stream6_IRQHandler
                0x08000204                DMA1_Stream1_IRQHandler
                0x08000204                UART4_IRQHandler
                0x08000204                TIM3_IRQHandler
                0x08000204                RCC_IRQHandler
                0x08000204                TIM8_BRK_TIM12_IRQHandler
                0x08000204                Default_Handler
                0x08000204                CEC_IRQHandler
                0x08000204                EXTI15_10_IRQHandler
                0x08000204                ADC_IRQHandler
                0x08000204                DMA1_Stream7_IRQHandler
                0x08000204                TIM7_IRQHandler
                0x08000204                CAN2_TX_IRQHandler
                0x08000204                TIM5_IRQHandler
                0x08000204                DMA2_Stream7_IRQHandler
                0x08000204                I2C3_EV_IRQHandler
                0x08000204                EXTI9_5_IRQHandler
                0x08000204                RTC_WKUP_IRQHandler
                0x08000204                SPDIF_RX_IRQHandler
                0x08000204                SPI2_IRQHandler
                0x08000204                OTG_HS_EP1_IN_IRQHandler
                0x08000204                MemManage_Handler
                0x08000204                DMA1_Stream0_IRQHandler
                0x08000204                CAN1_TX_IRQHandler
                0x08000204                SVC_Handler
                0x08000204                FMPI2C1_ER_IRQHandler
                0x08000204                EXTI4_IRQHandler
                0x08000204                OTG_HS_EP1_OUT_IRQHandler
                0x08000204                WWDG_IRQHandler
                0x08000204                TIM2_IRQHandler
                0x08000204                OTG_FS_WKUP_IRQHandler
                0x08000204                OTG_HS_IRQHandler
                0x08000204                EXTI1_IRQHandler
                0x08000204                USART2_IRQHandler
                0x08000204                I2C2_ER_IRQHandler
                0x08000204                DMA2_Stream1_IRQHandler
                0x08000204                CAN1_SCE_IRQHandler
                0x08000204                FLASH_IRQHandler
                0x08000204                DMA2_Stream4_IRQHandler
                0x08000204                BusFault_Handler
                0x08000204                USART1_IRQHandler
                0x08000204                OTG_FS_IRQHandler
                0x08000204                SPI3_IRQHandler
                0x08000204                DMA1_Stream4_IRQHandler
                0x08000204                I2C1_ER_IRQHandler
                0x08000204                FMC_IRQHandler
                0x08000204                DMA2_Stream6_IRQHandler
                0x08000204                DMA1_Stream3_IRQHandler
                0x0800020a                Reset_Handler
 .text          0x08000288      0x5b8 RCC_Prog.o
                0x08000288                RCC_SetSysClock
                0x080002c8                RCC_SetClockStatus
                0x080004e8                RCC_PLLMConfig
                0x080005ac                RCC_AHBConfig
                0x080005ec                RCC_APBConfig
                0x0800064c                RCC_AHB1EnableClock
                0x0800067c                RCC_AHB1DisableClock
                0x080006b0                RCC_AHB2EnableClock
                0x080006e0                RCC_AHB2DisableClock
                0x08000714                RCC_AHB3EnableClock
                0x08000744                RCC_AHB3DisableClock
                0x08000778                RCC_APB1EnableClock
                0x080007a8                RCC_APB1DisableClock
                0x080007dc                RCC_APB2EnableClock
                0x0800080c                RCC_APB2DisableClock
 .text          0x08000840      0x1d4 SysTick_Prog.o
                0x08000840                SysTick_Init
                0x080008a0                SysTick_Delayus
                0x08000914                SysTick_Delayms
                0x08000934                SysTick_InterruptTimer_ms
                0x080009a8                SysTick_DisableInterrupt
                0x080009c4                Systick_InterruptSetCallBack
                0x080009f8                SysTick_Handler
 .text          0x08000a14      0x4ac GPIO_Prog.o
                0x08000a14                GPIO_u8PinInit
                0x08000c38                GPIO_u8SetPinValue
                0x08000d18                GPIO_u8TogglePinValue
                0x08000de4                GPIO_u8ReadPinValue
                0x08000ec0                . = ALIGN (0x4)
                0x08000ec0                _etext = .

.glue_7         0x08000ec0        0x0
 .glue_7        0x08000ec0        0x0 linker stubs

.glue_7t        0x08000ec0        0x0
 .glue_7t       0x08000ec0        0x0 linker stubs

.vfp11_veneer   0x08000ec0        0x0
 .vfp11_veneer  0x08000ec0        0x0 linker stubs

.v4_bx          0x08000ec0        0x0
 .v4_bx         0x08000ec0        0x0 linker stubs

.iplt           0x08000ec0        0x0
 .iplt          0x08000ec0        0x0 main.o

.rel.dyn        0x08000ec0        0x0
 .rel.iplt      0x08000ec0        0x0 main.o

.rodata         0x08000ec0        0x0
                0x08000ec0                _sro = .
 *(.rodata)
                0x08000ec0                . = ALIGN (0x4)
                0x08000ec0                _ero = .

.data           0x20000000        0x0 load address 0x08000ec0
                0x20000000                _sdata = .
 *(.data)
 .data          0x20000000        0x0 main.o
 .data          0x20000000        0x0 startup.o
 .data          0x20000000        0x0 RCC_Prog.o
 .data          0x20000000        0x0 SysTick_Prog.o
 .data          0x20000000        0x0 GPIO_Prog.o
                0x20000000                . = ALIGN (0x4)
                0x20000000                _edata = .

.igot.plt       0x20000000        0x0 load address 0x08000ec0
 .igot.plt      0x20000000        0x0 main.o

.bss            0x20000000        0x8 load address 0x08000ec0
                0x20000000                _sbss = .
 *(.bss)
 .bss           0x20000000        0x0 main.o
 .bss           0x20000000        0x0 startup.o
 .bss           0x20000000        0x0 RCC_Prog.o
 .bss           0x20000000        0x8 SysTick_Prog.o
 .bss           0x20000008        0x0 GPIO_Prog.o
                0x20000008                . = ALIGN (0x4)
                0x20000008                _ebss = .
OUTPUT(eyad_essam.elf elf32-littlearm)
LOAD linker stubs

.debug_info     0x00000000     0x3560
 .debug_info    0x00000000      0x38a main.o
 .debug_info    0x0000038a      0x170 startup.o
 .debug_info    0x000004fa     0x2810 RCC_Prog.o
 .debug_info    0x00002d0a      0x2a0 SysTick_Prog.o
 .debug_info    0x00002faa      0x5b6 GPIO_Prog.o

.debug_abbrev   0x00000000      0x601
 .debug_abbrev  0x00000000       0xba main.o
 .debug_abbrev  0x000000ba       0xe6 startup.o
 .debug_abbrev  0x000001a0      0x1e3 RCC_Prog.o
 .debug_abbrev  0x00000383      0x17d SysTick_Prog.o
 .debug_abbrev  0x00000500      0x101 GPIO_Prog.o

.debug_aranges  0x00000000       0xa0
 .debug_aranges
                0x00000000       0x20 main.o
 .debug_aranges
                0x00000020       0x20 startup.o
 .debug_aranges
                0x00000040       0x20 RCC_Prog.o
 .debug_aranges
                0x00000060       0x20 SysTick_Prog.o
 .debug_aranges
                0x00000080       0x20 GPIO_Prog.o

.debug_line     0x00000000      0xc63
 .debug_line    0x00000000       0x91 main.o
 .debug_line    0x00000091      0x184 startup.o
 .debug_line    0x00000215      0x463 RCC_Prog.o
 .debug_line    0x00000678      0x226 SysTick_Prog.o
 .debug_line    0x0000089e      0x3c5 GPIO_Prog.o

.debug_str      0x00000000     0x1fa7
 .debug_str     0x00000000      0x390 main.o
                                0x3c9 (size before relaxing)
 .debug_str     0x00000390       0x69 startup.o
                                0x178 (size before relaxing)
 .debug_str     0x000003f9     0x19a0 RCC_Prog.o
                               0x1bd0 (size before relaxing)
 .debug_str     0x00001d99      0x143 SysTick_Prog.o
                                0x2d7 (size before relaxing)
 .debug_str     0x00001edc       0xcb GPIO_Prog.o
                                0x40d (size before relaxing)

.comment        0x00000000       0x49
 .comment       0x00000000       0x49 main.o
                                 0x4a (size before relaxing)
 .comment       0x00000049       0x4a startup.o
 .comment       0x00000049       0x4a RCC_Prog.o
 .comment       0x00000049       0x4a SysTick_Prog.o
 .comment       0x00000049       0x4a GPIO_Prog.o

.ARM.attributes
                0x00000000       0x2e
 .ARM.attributes
                0x00000000       0x2e main.o
 .ARM.attributes
                0x0000002e       0x2e startup.o
 .ARM.attributes
                0x0000005c       0x2e RCC_Prog.o
 .ARM.attributes
                0x0000008a       0x2e SysTick_Prog.o
 .ARM.attributes
                0x000000b8       0x2e GPIO_Prog.o

.debug_frame    0x00000000      0x4a4
 .debug_frame   0x00000000       0x30 main.o
 .debug_frame   0x00000030       0x48 startup.o
 .debug_frame   0x00000078      0x26c RCC_Prog.o
 .debug_frame   0x000002e4      0x110 SysTick_Prog.o
 .debug_frame   0x000003f4       0xb0 GPIO_Prog.o
