
Memory Configuration

Name             Origin             Length             Attributes
FLASH            0x08000000         0x00020000         xr
SRAM             0x20000000         0x00005000         xrw
*default*        0x00000000         0xffffffff

Linker script and memory map

LOAD main.o
LOAD startup.o
LOAD lcd.o
LOAD Stm32_F103C6_GPIO.o

.text           0x08000000      0xb58
 *(.isr_vector)
 .isr_vector    0x08000000      0x1c4 startup.o
                0x08000000                Vectors
 *(.text)
 .text          0x080001c4       0xcc main.o
                0x080001c4                clock_init
                0x080001ec                wait_ms
                0x08000226                main
 .text          0x08000290       0x84 startup.o
                0x08000290                RTC_Alarm_IRQHandler
                0x08000290                EXTI2_IRQHandler
                0x08000290                TIM8_CC_IRQHandler
                0x08000290                DebugMon_Handler
                0x08000290                FMPI2C1_EV_IRQHandler
                0x08000290                SPI4_IRQHandler
                0x08000290                TIM1_CC_IRQHandler
                0x08000290                DMA2_Stream5_IRQHandler
                0x08000290                HardFault_Handler
                0x08000290                DMA1_Stream5_IRQHandler
                0x08000290                SysTick_Handler
                0x08000290                PVD_IRQHandler
                0x08000290                SDIO_IRQHandler
                0x08000290                TAMP_STAMP_IRQHandler
                0x08000290                PendSV_Handler
                0x08000290                NMI_Handler
                0x08000290                CAN2_RX1_IRQHandler
                0x08000290                EXTI3_IRQHandler
                0x08000290                TIM1_UP_TIM10_IRQHandler
                0x08000290                TIM8_UP_TIM13_IRQHandler
                0x08000290                I2C3_ER_IRQHandler
                0x08000290                EXTI0_IRQHandler
                0x08000290                I2C2_EV_IRQHandler
                0x08000290                DMA1_Stream2_IRQHandler
                0x08000290                CAN1_RX0_IRQHandler
                0x08000290                FPU_IRQHandler
                0x08000290                OTG_HS_WKUP_IRQHandler
                0x08000290                UsageFault_Handler
                0x08000290                CAN2_SCE_IRQHandler
                0x08000290                DMA2_Stream2_IRQHandler
                0x08000290                SPI1_IRQHandler
                0x08000290                TIM6_DAC_IRQHandler
                0x08000290                TIM1_BRK_TIM9_IRQHandler
                0x08000290                DCMI_IRQHandler
                0x08000290                CAN2_RX0_IRQHandler
                0x08000290                DMA2_Stream3_IRQHandler
                0x08000290                SAI2_IRQHandler
                0x08000290                USART6_IRQHandler
                0x08000290                TIM1_TRG_COM_TIM11_IRQHandl
                0x08000290                USART3_IRQHandler
                0x08000290                SAI1_IRQHandler
                0x08000290                TIM8_TRG_COM_TIM14_IRQHandl
                0x08000290                CAN1_RX1_IRQHandler
                0x08000290                UART5_IRQHandler
                0x08000290                DMA2_Stream0_IRQHandler
                0x08000290                TIM4_IRQHandler
                0x08000290                QUADSPI_IRQHandler
                0x08000290                I2C1_EV_IRQHandler
                0x08000290                DMA1_Stream6_IRQHandler
                0x08000290                DMA1_Stream1_IRQHandler
                0x08000290                UART4_IRQHandler
                0x08000290                TIM3_IRQHandler
                0x08000290                RCC_IRQHandler
                0x08000290                TIM8_BRK_TIM12_IRQHandler
                0x08000290                Default_Handler
                0x08000290                CEC_IRQHandler
                0x08000290                EXTI15_10_IRQHandler
                0x08000290                ADC_IRQHandler
                0x08000290                DMA1_Stream7_IRQHandler
                0x08000290                TIM7_IRQHandler
                0x08000290                CAN2_TX_IRQHandler
                0x08000290                TIM5_IRQHandler
                0x08000290                DMA2_Stream7_IRQHandler
                0x08000290                I2C3_EV_IRQHandler
                0x08000290                EXTI9_5_IRQHandler
                0x08000290                RTC_WKUP_IRQHandler
                0x08000290                SPDIF_RX_IRQHandler
                0x08000290                SPI2_IRQHandler
                0x08000290                OTG_HS_EP1_IN_IRQHandler
                0x08000290                MemManage_Handler
                0x08000290                DMA1_Stream0_IRQHandler
                0x08000290                CAN1_TX_IRQHandler
                0x08000290                SVC_Handler
                0x08000290                FMPI2C1_ER_IRQHandler
                0x08000290                EXTI4_IRQHandler
                0x08000290                OTG_HS_EP1_OUT_IRQHandler
                0x08000290                WWDG_IRQHandler
                0x08000290                TIM2_IRQHandler
                0x08000290                OTG_FS_WKUP_IRQHandler
                0x08000290                OTG_HS_IRQHandler
                0x08000290                EXTI1_IRQHandler
                0x08000290                USART2_IRQHandler
                0x08000290                I2C2_ER_IRQHandler
                0x08000290                DMA2_Stream1_IRQHandler
                0x08000290                CAN1_SCE_IRQHandler
                0x08000290                FLASH_IRQHandler
                0x08000290                DMA2_Stream4_IRQHandler
                0x08000290                BusFault_Handler
                0x08000290                USART1_IRQHandler
                0x08000290                OTG_FS_IRQHandler
                0x08000290                SPI3_IRQHandler
                0x08000290                DMA1_Stream4_IRQHandler
                0x08000290                I2C1_ER_IRQHandler
                0x08000290                FMC_IRQHandler
                0x08000290                DMA2_Stream6_IRQHandler
                0x08000290                DMA1_Stream3_IRQHandler
                0x08000296                Reset_Handler
 .text          0x08000314      0x408 lcd.o
                0x0800034e                LCD_GPIO_init
                0x080004a8                lcd_is_busy
                0x08000580                lcd_kick
                0x080005ac                lcd_send_command
                0x080005f0                lcd_init
                0x08000624                lcd_send_char
                0x08000668                lcd_send_string
                0x080006c2                lcd_set_position
                0x0800070c                lcd_clear
 .text          0x0800071c      0x43c Stm32_F103C6_GPIO.o
                0x0800071c                Get_Bit_Location
                0x0800088a                MCAL_GPIO_Init
                0x08000982                MCAL_GPIO_DeInit
                0x08000a54                MCAL_GPIO_ReadPin
                0x08000a82                MCAL_GPIO_ReadPort
                0x08000a9c                MCAL_GPIO_WritePort
                0x08000ab8                MCAL_GPIO_WritePin
                0x08000ae6                MCAL_GPIO_TogglePin
                0x08000b08                MCAL_GPIO_LockPin
                0x08000b58                . = ALIGN (0x4)
                0x08000b58                _etext = .

.glue_7         0x08000b58        0x0
 .glue_7        0x08000b58        0x0 linker stubs

.glue_7t        0x08000b58        0x0
 .glue_7t       0x08000b58        0x0 linker stubs

.vfp11_veneer   0x08000b58        0x0
 .vfp11_veneer  0x08000b58        0x0 linker stubs

.v4_bx          0x08000b58        0x0
 .v4_bx         0x08000b58        0x0 linker stubs

.iplt           0x08000b58        0x0
 .iplt          0x08000b58        0x0 main.o

.rodata         0x08000b58       0x2c
                0x08000b58                _sro = .
 *(.rodata)
 .rodata        0x08000b58       0x2c main.o
                0x08000b84                . = ALIGN (0x4)
                0x08000b84                _ero = .

.rel.dyn        0x08000b84        0x0
 .rel.iplt      0x08000b84        0x0 main.o

.data           0x20000000        0x0 load address 0x08000b84
                0x20000000                _sdata = .
 *(.data)
 .data          0x20000000        0x0 main.o
 .data          0x20000000        0x0 startup.o
 .data          0x20000000        0x0 lcd.o
 .data          0x20000000        0x0 Stm32_F103C6_GPIO.o
                0x20000000                . = ALIGN (0x4)
                0x20000000                _edata = .

.igot.plt       0x20000000        0x0 load address 0x08000b84
 .igot.plt      0x20000000        0x0 main.o

.bss            0x20000000        0x4 load address 0x08000b84
                0x20000000                _sbss = .
 *(.bss)
 .bss           0x20000000        0x0 main.o
 .bss           0x20000000        0x0 startup.o
 .bss           0x20000000        0x4 lcd.o
                0x20000000                PinCfg
 .bss           0x20000004        0x0 Stm32_F103C6_GPIO.o
                0x20000004                . = ALIGN (0x4)
                0x20000004                _ebss = .
OUTPUT(eyad.elf elf32-littlearm)
LOAD linker stubs

.debug_info     0x00000000      0xae5
 .debug_info    0x00000000      0x1b8 main.o
 .debug_info    0x000001b8      0x185 startup.o
 .debug_info    0x0000033d      0x31e lcd.o
 .debug_info    0x0000065b      0x48a Stm32_F103C6_GPIO.o

.debug_abbrev   0x00000000      0x41f
 .debug_abbrev  0x00000000       0xe3 main.o
 .debug_abbrev  0x000000e3       0xe6 startup.o
 .debug_abbrev  0x000001c9      0x137 lcd.o
 .debug_abbrev  0x00000300      0x11f Stm32_F103C6_GPIO.o

.debug_loc      0x00000000      0x6d8
 .debug_loc     0x00000000       0xcc main.o
 .debug_loc     0x000000cc       0x64 startup.o
 .debug_loc     0x00000130      0x278 lcd.o
 .debug_loc     0x000003a8      0x330 Stm32_F103C6_GPIO.o

.debug_aranges  0x00000000       0x80
 .debug_aranges
                0x00000000       0x20 main.o
 .debug_aranges
                0x00000020       0x20 startup.o
 .debug_aranges
                0x00000040       0x20 lcd.o
 .debug_aranges
                0x00000060       0x20 Stm32_F103C6_GPIO.o

.debug_line     0x00000000      0x8b3
 .debug_line    0x00000000      0x1a5 main.o
 .debug_line    0x000001a5      0x184 startup.o
 .debug_line    0x00000329      0x2b6 lcd.o
 .debug_line    0x000005df      0x2d4 Stm32_F103C6_GPIO.o

.debug_str      0x00000000      0x3c8
 .debug_str     0x00000000      0x156 main.o
                                0x198 (size before relaxing)
 .debug_str     0x00000156       0x5e startup.o
                                0x188 (size before relaxing)
 .debug_str     0x000001b4      0x10a lcd.o
                                0x25e (size before relaxing)
 .debug_str     0x000002be      0x10a Stm32_F103C6_GPIO.o
                                0x2f9 (size before relaxing)

.comment        0x00000000       0x49
 .comment       0x00000000       0x49 main.o
                                 0x4a (size before relaxing)
 .comment       0x00000049       0x4a startup.o
 .comment       0x00000049       0x4a lcd.o
 .comment       0x00000049       0x4a Stm32_F103C6_GPIO.o

.ARM.attributes
                0x00000000       0x2d
 .ARM.attributes
                0x00000000       0x2d main.o
 .ARM.attributes
                0x0000002d       0x2d startup.o
 .ARM.attributes
                0x0000005a       0x2d lcd.o
 .ARM.attributes
                0x00000087       0x2d Stm32_F103C6_GPIO.o

.debug_frame    0x00000000      0x384
 .debug_frame   0x00000000       0x74 main.o
 .debug_frame   0x00000074       0x48 startup.o
 .debug_frame   0x000000bc      0x154 lcd.o
 .debug_frame   0x00000210      0x174 Stm32_F103C6_GPIO.o
